[wandb] run id=mpgx2aja name=skilled-sweep-1 -> out_dir=outputs/wandb_pvgis_stgnn/mpgx2aja
[config] seed=1  batch_size=16  epochs=5  mc_samples=20  calibration_strategy=global  skip_predictions_csv=True  max_calibration_samples=None  train_years=2016,2017,2018  calibration_years=None  test_year=2019  out_dir=outputs/wandb_pvgis_stgnn/mpgx2aja
[1/6] Loading PVGIS years (train=[2016, 2017, 2018], calibration=none, test=2019) | model=stgnn_enhanced_dropout feature_set=full n_features=11
  [ok]   loaded PVGIS year 2016: piedmont_pvgis_2016.nc
  [ok]   loaded PVGIS year 2017: piedmont_pvgis_2017.nc
  [ok]   loaded PVGIS year 2018: piedmont_pvgis_2018.nc
[2/6] Building datasets (features=['temperature_2m', 'solar_irradiance_poa', 'wind_speed_10m', 'sin_elev', 'cos_elev', 'kt', 'kt_std_3h', 'dghi_dt', 'dni_norm', 'dhi_norm', 'pv_lag_pvgis'])
      nodes=1149  n_features=11  train_windows=26232  calibration_windows=0  test_windows=8736
      [time] building datasets: 239.9s
[3/6] Building graph (max_dist_km=20.0)
      edges=46284
[4/6] Training STGNN (Enhanced MC Dropout ablation) (n_features=11, dropout=0.2, epochs=5, device=cuda)
[model] model_type=stgnn_enhanced_dropout
[model] enhanced_mc_dropout=true
[model] explicit dropout modules added:
  - temporal_dropout (after BiLSTM temporal embedding)
  - representation_dropout (after projection, before GAT)
  - head_pv.2 dropout (before the final Linear of the pv head)
  - gat dropout existing (gat.0.dropout, unchanged)
  [stgnn] epoch 1/5  train_mse(norm)=0.01175  [time] epoch: 145.2s
  [stgnn] epoch 2/5  train_mse(norm)=0.00583  [time] epoch: 145.2s
  [stgnn] epoch 3/5  train_mse(norm)=0.00545  [time] epoch: 145.8s
  [stgnn] epoch 4/5  train_mse(norm)=0.00512  [time] epoch: 146.4s
  [stgnn] epoch 5/5  train_mse(norm)=0.00506  [time] epoch: 146.4s
  [stgnn] [time] train_model total: 729.0s
      [time] training total: 729.7s
[5/6] Predicting on test year + attaching anomaly labels
      MC Dropout: eval() + reactivate only nn.Dropout, 20 forward passes/batch (no model.train())
  [mc] eval() + dropout-only: 4 Dropout layer(s) reactivated, model.training=False (False = only dropout in train mode), mc_samples=20
  [mc] dropout modules reactivated:
    - temporal_dropout
    - representation_dropout
    - gat.0.dropout
    - head_pv.2
  [mc] paper-style PI from MC samples: empirical quantiles q0.025/q0.975 (coverage_target=0.95)
      [time] MC test inference: 408.9s
[interval] reliability/sharpness  target_range=893.2700  gamma=0.95  eta=10.0
      pi         [PRIMARY] global  PICP=0.216  MPIW=24.5362  NMPIL=0.0275  CLC=42.3880
      gaussian   [diag] global  PICP=0.759  MPIW=28.3078  NMPIL=0.0317  CLC=0.2464
[6/6] Writing outputs to outputs/wandb_pvgis_stgnn/mpgx2aja
      metrics.json -> outputs/wandb_pvgis_stgnn/mpgx2aja/metrics.json
      [time] writing outputs: 0.0s
[wandb] logged artifact pvgis_stgnn_mpgx2aja (without predictions.csv)

Done. [time] total run: 1392.2s
stratum    count      MAE      RMSE  mean_pred_std  median_pred_std  p90_pred_std  coverage_95  coverage_95_raw  coverage_95_calibrated  calibration_factor calibration_strategy
    all 10037664 20.41038 46.234956       7.221381         2.479472     17.513001     0.758651         0.758651                     NaN                 NaN
                             stratum   count       MAE       RMSE  mean_pred_std  median_pred_std  p90_pred_std  coverage_95  coverage_95_raw  coverage_95_calibrated  calibration_factor calibration_strategy
                        group:normal 9054285 19.383904  43.471346       7.067416         2.333715     17.404358     0.766745         0.766745                     NaN                 NaN
               group:rare_or_extreme  983379 29.861477  66.485246       8.638987         8.934206     18.391908     0.684125         0.684125                     NaN                 NaN
 label:unusually_low_solar_potential  118147 92.616385 144.120359      13.954673        13.921973     19.784846     0.181647         0.181647                     NaN                 NaN
label:unusually_high_solar_potential   38401 50.375648  73.677709      16.639796        16.057695     25.424311     0.425978         0.425978                     NaN                 NaN
 label:extreme_temperature_condition  436524 18.240729  40.644657       8.038591         7.946453     17.639664     0.774947         0.774947                     NaN                 NaN
        label:extreme_wind_condition  458693 23.689823  53.312733       7.421743         2.669563     17.712228     0.742828         0.742828                     NaN                 NaN

Key metrics:
  clc_gaussian/global              0.2464
  clc_gaussian/normal              0.2248
  clc_gaussian/rare_extreme        0.5792
  clc_pi/global                    42.3880
  clc_pi/normal                    42.2519
  clc_pi/rare_extreme              42.8137
  mae/global                       20.4104
  mae/normal                       19.3839
  mae/rare_extreme                 29.8615
  mpiw_gaussian/global             28.3078
  mpiw_gaussian/normal             27.7043
  mpiw_gaussian/rare_extreme       33.8648
  mpiw_pi/global                   24.5362
  mpiw_pi/normal                   24.0068
  mpiw_pi/rare_extreme             29.4104
  nmpil_gaussian/global            0.0317
  nmpil_gaussian/normal            0.0310
  nmpil_gaussian/rare_extreme      0.0379
  nmpil_pi/global                  0.0275
  nmpil_pi/normal                  0.0269
  nmpil_pi/rare_extreme            0.0329
  picp_gaussian/global             0.7587
  picp_gaussian/normal             0.7667
  picp_gaussian/rare_extreme       0.6841
  picp_pi/global                   0.2159
  picp_pi/normal                   0.2140
  picp_pi/rare_extreme             0.2330
  ratio/mae_rare_normal            1.5405
  ratio/rmse_rare_normal           1.5294
  rmse/global                      46.2350
  rmse/normal                      43.4713
  rmse/rare_extreme                66.4852
  uncertainty/mean_std_global      7.2214
  uncertainty/mean_std_normal      7.0674
  uncertainty/mean_std_rare_extreme 8.6390
  uncertainty/p90_std_global       17.5130
  uncertainty/p90_std_normal       17.4044
  uncertainty/p90_std_rare_extreme 18.3919
  uncertainty/ratio_rare_normal    1.2224
  predictions              -> (skipped)
  metrics_global           -> outputs/wandb_pvgis_stgnn/mpgx2aja/metrics_global.csv
  metrics_by_anomaly_label -> outputs/wandb_pvgis_stgnn/mpgx2aja/metrics_by_anomaly_label.csv
  report                   -> outputs/wandb_pvgis_stgnn/mpgx2aja/report.md
